
tasheva@TASHEVA9 MINGW64 ~
$ cd Lesson5

tasheva@TASHEVA9 MINGW64 ~/Lesson5
$ dir
Resources  Resources(Deployment)

tasheva@TASHEVA9 MINGW64 ~/Lesson5
$ cd /R^C

tasheva@TASHEVA9 MINGW64 ~/Lesson5
$ cd /Resources(Depoloyment)
bash: syntax error near unexpected token `('

tasheva@TASHEVA9 MINGW64 ~/Lesson5
$ cd Resources(Deployment)
bash: syntax error near unexpected token `('

tasheva@TASHEVA9 MINGW64 ~/Lesson5
$ dir
Resources  Resources-Deployment

tasheva@TASHEVA9 MINGW64 ~/Lesson5
$ cd Resources-Deployment

tasheva@TASHEVA9 MINGW64 ~/Lesson5/Resources-Deployment
$ dir
02.TODO-App  05.Tracker-App  06.TaskBoard-ASP.NET-App  07.Posio-App

tasheva@TASHEVA9 MINGW64 ~/Lesson5/Resources-Deployment
$ git clone https://github.com/AngelJava123/TODO-App.git
Cloning into 'TODO-App'...
remote: Repository not found.
fatal: repository 'https://github.com/AngelJava123/TODO-App.git/' not found

tasheva@TASHEVA9 MINGW64 ~/Lesson5/Resources-Deployment
$ cd

tasheva@TASHEVA9 MINGW64 ~
$ cd .ssh
bash: cd: .ssh: No such file or directory

tasheva@TASHEVA9 MINGW64 ~
$ mkdir .ssh

tasheva@TASHEVA9 MINGW64 ~
$ cd .ssh

tasheva@TASHEVA9 MINGW64 ~/.ssh
$ dir

tasheva@TASHEVA9 MINGW64 ~/.ssh
$ ssh-keygen -t ed25519 -C "charlisasi@abv.bg"
Generating public/private ed25519 key pair.
Enter file in which to save the key (/c/Users/tasheva/.ssh/id_ed25519):
Enter passphrase (empty for no passphrase):
Enter same passphrase again:
Your identification has been saved in /c/Users/tasheva/.ssh/id_ed25519
Your public key has been saved in /c/Users/tasheva/.ssh/id_ed25519.pub
The key fingerprint is:
SHA256:Av+DumC4OSC1GcjOx1OGoax8lcH59C5I2+gd2x0gBac charlisasi@abv.bg
The key's randomart image is:
+--[ED25519 256]--+
|    . ....       |
|   . + .o.       |
|o.. + =Eo        |
|.+o. O o o       |
|=..+= B S .      |
|+=o= + B . .     |
|+ = o o B . .    |
|.+ . o o o .     |
|o.  o.           |
+----[SHA256]-----+

tasheva@TASHEVA9 MINGW64 ~/.ssh
$ ls
id_ed25519  id_ed25519.pub

tasheva@TASHEVA9 MINGW64 ~/.ssh
$ ^C

tasheva@TASHEVA9 MINGW64 ~/.ssh
$ cat id_ed25519.pub
ssh-ed25519 AAAAC3NzaC1lZDI1NTE5AAAAIAP6bjamkIsBafqCGejD1ZW56Z1EfmXJTut3UwU8VbTQ charlisasi@abv.bg

tasheva@TASHEVA9 MINGW64 ~/.ssh
$ eval "$(ssh-agent -s)"
Agent pid 2018

tasheva@TASHEVA9 MINGW64 ~/.ssh
$ ssh-add ~/.ssh/id_ed25519
Identity added: /c/Users/tasheva/.ssh/id_ed25519 (charlisasi@abv.bg)

tasheva@TASHEVA9 MINGW64 ~/.ssh
$ git config --global user.email "charlisasi@abv.bg"

tasheva@TASHEVA9 MINGW64 ~/.ssh
$ cd ~/Lesson5/

tasheva@TASHEVA9 MINGW64 ~/Lesson5
$ dir
Resources  Resources-Deployment

tasheva@TASHEVA9 MINGW64 ~/Lesson5
$ cd Resources-Deployment

tasheva@TASHEVA9 MINGW64 ~/Lesson5/Resources-Deployment
$ dir
02.TODO-App  05.Tracker-App  06.TaskBoard-ASP.NET-App  07.Posio-App

tasheva@TASHEVA9 MINGW64 ~/Lesson5/Resources-Deployment
$ git clone git@github.com:AngelJava123/TOTO-App.git
Cloning into 'TOTO-App'...
The authenticity of host 'github.com (140.82.121.4)' can't be established.
ED25519 key fingerprint is SHA256:+DiY3wvvV6TuJJhbpZisF/zLDA0zPMSvHdkr4UvCOqU.
This key is not known by any other names
Are you sure you want to continue connecting (yes/no/[fingerprint])?
Host key verification failed.
fatal: Could not read from remote repository.

Please make sure you have the correct access rights
and the repository exists.

tasheva@TASHEVA9 MINGW64 ~/Lesson5/Resources-Deployment
$ ^C

tasheva@TASHEVA9 MINGW64 ~/Lesson5/Resources-Deployment
$ git clone git@github.com:AngelJava123/TOTO-App.git
Cloning into 'TOTO-App'...
The authenticity of host 'github.com (140.82.121.3)' can't be established.
ED25519 key fingerprint is SHA256:+DiY3wvvV6TuJJhbpZisF/zLDA0zPMSvHdkr4UvCOqU.
This key is not known by any other names
Are you sure you want to continue connecting (yes/no/[fingerprint])? yes
Warning: Permanently added 'github.com' (ED25519) to the list of known hosts.
warning: You appear to have cloned an empty repository.

tasheva@TASHEVA9 MINGW64 ~/Lesson5/Resources-Deployment
$ cd TODO-App/
bash: cd: TODO-App/: No such file or directory

tasheva@TASHEVA9 MINGW64 ~/Lesson5/Resources-Deployment
$ cd TODO-App
bash: cd: TODO-App: No such file or directory

tasheva@TASHEVA9 MINGW64 ~/Lesson5/Resources-Deployment
$ cd TOTO-App

tasheva@TASHEVA9 MINGW64 ~/Lesson5/Resources-Deployment/TOTO-App (main)
$ git add .
warning: LF will be replaced by CRLF in .env.sample.
The file will have its original line endings in your working directory
warning: LF will be replaced by CRLF in LICENSE.
The file will have its original line endings in your working directory
warning: LF will be replaced by CRLF in app.js.
The file will have its original line endings in your working directory
warning: LF will be replaced by CRLF in bin/www.
The file will have its original line endings in your working directory
warning: LF will be replaced by CRLF in config/connection.js.
The file will have its original line endings in your working directory
warning: LF will be replaced by CRLF in config/keyvault.js.
The file will have its original line endings in your working directory
warning: LF will be replaced by CRLF in models/task.js.
The file will have its original line endings in your working directory
warning: LF will be replaced by CRLF in package-lock.json.
The file will have its original line endings in your working directory
warning: LF will be replaced by CRLF in package.json.
The file will have its original line endings in your working directory
warning: LF will be replaced by CRLF in public/stylesheets/style.css.
The file will have its original line endings in your working directory
warning: LF will be replaced by CRLF in routes/index.js.
The file will have its original line endings in your working directory
warning: LF will be replaced by CRLF in routes/users.js.
The file will have its original line endings in your working directory
warning: LF will be replaced by CRLF in views/error.pug.
The file will have its original line endings in your working directory
warning: LF will be replaced by CRLF in views/index.pug.
The file will have its original line endings in your working directory
warning: LF will be replaced by CRLF in views/layout.pug.
The file will have its original line endings in your working directory

tasheva@TASHEVA9 MINGW64 ~/Lesson5/Resources-Deployment/TOTO-App (main)
$ git commit -m "Initial commit"
[main (root-commit) f4f476c] Initial commit
 15 files changed, 4456 insertions(+)
 create mode 100644 .env.sample
 create mode 100644 LICENSE
 create mode 100644 app.js
 create mode 100644 bin/www
 create mode 100644 config/connection.js
 create mode 100644 config/keyvault.js
 create mode 100644 models/task.js
 create mode 100644 package-lock.json
 create mode 100644 package.json
 create mode 100644 public/stylesheets/style.css
 create mode 100644 routes/index.js
 create mode 100644 routes/users.js
 create mode 100644 views/error.pug
 create mode 100644 views/index.pug
 create mode 100644 views/layout.pug

tasheva@TASHEVA9 MINGW64 ~/Lesson5/Resources-Deployment/TOTO-App (main)
$ git push
Enumerating objects: 24, done.
Counting objects: 100% (24/24), done.
Delta compression using up to 8 threads
Compressing objects: 100% (20/20), done.
Writing objects: 100% (24/24), 45.57 KiB | 1.23 MiB/s, done.
Total 24 (delta 0), reused 0 (delta 0), pack-reused 0
To github.com:AngelJava123/TOTO-App.git
 * [new branch]      main -> main

tasheva@TASHEVA9 MINGW64 ~/Lesson5/Resources-Deployment/TOTO-App (main)
$ git pull
fatal: failed to stat 'C:/Users/tasheva/Lesson5/Resources-Deployment/TOTO-App': No such file or directory

tasheva@TASHEVA9 MINGW64 ~/Lesson5/Resources-Deployment/TOTO-App
$ cd

tasheva@TASHEVA9 MINGW64 ~
$ cd ~/Lesson5/Resources-Deployment/TODO-App

tasheva@TASHEVA9 MINGW64 ~/Lesson5/Resources-Deployment/TODO-App (main)
$ git pull
remote: Enumerating objects: 6, done.
remote: Counting objects: 100% (6/6), done.
remote: Compressing objects: 100% (3/3), done.
remote: Total 5 (delta 1), reused 0 (delta 0), pack-reused 0
Unpacking objects: 100% (5/5), 1021 bytes | 26.00 KiB/s, done.
From github.com:AngelJava123/TOTO-App
   f4f476c..f142b3c  main       -> origin/main
Updating f4f476c..f142b3c
Fast-forward
 .github/workflows/main_todoangel.yml | 56 ++++++++++++++++++++++++++++++++++++
 1 file changed, 56 insertions(+)
 create mode 100644 .github/workflows/main_todoangel.yml
